== live lab [cut] teardown tree: /Users/young/.no-mistakes/worktrees/ddd7aba8785a/01M3MXVAH57A3TG7GA5NTA6072
treehouse v3.1.0 / tmux 3.7b / git version 2.50.1 (Apple Git-155)
slot acquired by real 'treehouse get': /private/var/folders/vt/36bg7pjx1711x3w5wyr1z88h0000gn/T/fm-lab.MPxjbN/pool/.treehouse/demo-117368/1/demo
task commit on fm/task-x1: aab87c60674e05489e9155be51288a0bdf52ebe5
origin/main after squash merge: c8933115f23f0946269ebf67d9193fd1f50e94bc
treehouse holder pid=97573 (cwd /private/var/folders/vt/36bg7pjx1711x3w5wyr1z88h0000gn/T/fm-lab.MPxjbN/projects/demo); worker subshell pid=98766
killing worker subshell 98766 (as the reaper does) and waiting for the holder's clean step
holder clean step pid=8481: /Applications/Xcode.app/Contents/Developer/usr/bin/git clean -fd
holder alive after its step was cut: no
pane after the cut:
  pane| WORKER-READY
  pane| 🌳 Warning: git clean -fd: ; leaving worktree in place.
  pane| git clean -fd:
  pane| $
== persistent interrupted-reset state:
  slot: HEAD=aab87c6 (HEAD); task commit=aab87c6; origin/main=c893311
  staged-vs-HEAD entries: A	other.txt | diff --quiet: pass | index==origin/main: yes | porcelain: A  other.txt;
  treehouse status: 1 dirty /private/var/folders/vt/36bg7pjx1711x3w5wyr1z88h0000gn/T/fm-lab.MPxjbN/pool/.treehouse/demo-117368/1/demo (detached)

---- [base a256cb5] plain 'fm-teardown.sh task-x1' attempt 1: exit 1 (1s)
  stderr| REFUSED: worktree /private/var/folders/vt/36bg7pjx1711x3w5wyr1z88h0000gn/T/fm-lab.MPxjbN/pool/.treehouse/demo-117368/1/demo has uncommitted changes.
  stderr| uncommitted changes present
  stderr| Commit them (or get the captain's explicit OK to discard, then --force).
  slot: HEAD=aab87c6 (HEAD); task commit=aab87c6; origin/main=c893311
  staged-vs-HEAD entries: A	other.txt | diff --quiet: pass | index==origin/main: yes | porcelain: A  other.txt;
  treehouse status: 1 dirty /private/var/folders/vt/36bg7pjx1711x3w5wyr1z88h0000gn/T/fm-lab.MPxjbN/pool/.treehouse/demo-117368/1/demo (detached)

---- [base a256cb5 retry] plain 'fm-teardown.sh task-x1' attempt 2: exit 1 (1s)
  stderr| REFUSED: worktree /private/var/folders/vt/36bg7pjx1711x3w5wyr1z88h0000gn/T/fm-lab.MPxjbN/pool/.treehouse/demo-117368/1/demo has uncommitted changes.
  stderr| uncommitted changes present
  stderr| Commit them (or get the captain's explicit OK to discard, then --force).
  slot: HEAD=aab87c6 (HEAD); task commit=aab87c6; origin/main=c893311
  staged-vs-HEAD entries: A	other.txt | diff --quiet: pass | index==origin/main: yes | porcelain: A  other.txt;
  treehouse status: 1 dirty /private/var/folders/vt/36bg7pjx1711x3w5wyr1z88h0000gn/T/fm-lab.MPxjbN/pool/.treehouse/demo-117368/1/demo (detached)

== adversarial: same shape plus an untracked file hidden by status.showUntrackedFiles=no

---- [fix] plain 'fm-teardown.sh task-x1' attempt 3: exit 1 (1s)
  stderr| REFUSED: worktree /private/var/folders/vt/36bg7pjx1711x3w5wyr1z88h0000gn/T/fm-lab.MPxjbN/pool/.treehouse/demo-117368/1/demo has uncommitted changes.
  stderr| uncommitted changes present
  stderr| Commit them (or get the captain's explicit OK to discard, then --force).
  slot: HEAD=aab87c6 (HEAD); task commit=aab87c6; origin/main=c893311
  staged-vs-HEAD entries: A	other.txt | diff --quiet: pass | index==origin/main: yes | porcelain: A  other.txt;
  treehouse status: 1 dirty /private/var/folders/vt/36bg7pjx1711x3w5wyr1z88h0000gn/T/fm-lab.MPxjbN/pool/.treehouse/demo-117368/1/demo (detached)
  notes.txt still present: precious

== adversarial: same shape plus a tracked-file edit

---- [fix] plain 'fm-teardown.sh task-x1' attempt 4: exit 1 (1s)
  stderr| REFUSED: worktree /private/var/folders/vt/36bg7pjx1711x3w5wyr1z88h0000gn/T/fm-lab.MPxjbN/pool/.treehouse/demo-117368/1/demo has uncommitted changes.
  stderr| uncommitted changes present
  stderr| Commit them (or get the captain's explicit OK to discard, then --force).
  slot: HEAD=aab87c6 (HEAD); task commit=aab87c6; origin/main=c893311
  staged-vs-HEAD entries: A	other.txt | diff --quiet: fail | index==origin/main: yes | porcelain: AM other.txt;
  treehouse status: 1 dirty /private/var/folders/vt/36bg7pjx1711x3w5wyr1z88h0000gn/T/fm-lab.MPxjbN/pool/.treehouse/demo-117368/1/demo (detached)
  other.txt edit still present: edited

== genuine interrupted-reset state only
  slot: HEAD=aab87c6 (HEAD); task commit=aab87c6; origin/main=c893311
  staged-vs-HEAD entries: A	other.txt | diff --quiet: pass | index==origin/main: yes | porcelain: A  other.txt;
  treehouse status: 1 dirty /private/var/folders/vt/36bg7pjx1711x3w5wyr1z88h0000gn/T/fm-lab.MPxjbN/pool/.treehouse/demo-117368/1/demo (detached)

---- [fix] plain 'fm-teardown.sh task-x1' attempt 5: exit 0 (12s)
  stderr| teardown: /private/var/folders/vt/36bg7pjx1711x3w5wyr1z88h0000gn/T/fm-lab.MPxjbN/pool/.treehouse/demo-117368/1/demo holds a pool reset cut off before it moved HEAD (index and tracked files match refs/remotes/origin/main exactly, nothing untracked); letting the pool return finish it
  stdout| 🌳 Worktree returned to pool.
  stdout| demo: synced 3dc5cc2..c893311
  stdout| teardown task-x1 complete (window firstmate:fm-task-x1, worktree /private/var/folders/vt/36bg7pjx1711x3w5wyr1z88h0000gn/T/fm-lab.MPxjbN/pool/.treehouse/demo-117368/1/demo)

---- final state
task window present: no
task meta present: no
  slot: HEAD=c893311 (HEAD); task commit=aab87c6; origin/main=c893311
  staged-vs-HEAD entries: | diff --quiet: pass | index==origin/main: yes | porcelain: 
  treehouse status: 1 available /private/var/folders/vt/36bg7pjx1711x3w5wyr1z88h0000gn/T/fm-lab.MPxjbN/pool/.treehouse/demo-117368/1/demo (detached)
