== live lab [idle] teardown tree: /Users/young/.no-mistakes/worktrees/ddd7aba8785a/01M3MXVAH57A3TG7GA5NTA6072
treehouse v3.1.0 / tmux 3.7b / git version 2.50.1 (Apple Git-155)
slot acquired by real 'treehouse get': /private/var/folders/vt/36bg7pjx1711x3w5wyr1z88h0000gn/T/fm-lab.h8HXhD/pool/.treehouse/demo-577444/1/demo
task commit on fm/task-x1: 2a3ef748b4ee45c15e0dd55a1901ecd576f5e6d8
origin/main after squash merge: 00824c98b9a4fbf7cd77611bda65276aa7e13dab
treehouse holder pid=80149 (cwd /private/var/folders/vt/36bg7pjx1711x3w5wyr1z88h0000gn/T/fm-lab.h8HXhD/projects/demo); worker subshell pid=80896
worker left firstmate-ignorable untracked file(s): && touch .fm-grok-turnend
teardown start: 17:35:35

---- [fix] plain 'fm-teardown.sh task-x1' attempt 1: exit 0 (25s)
  stderr| teardown: reaping leaked worktree process(es) for task-x1: 80896 83152
  stderr| teardown: force-killing leaked worktree process(es) for task-x1: 80896
  stderr| teardown: waiting for treehouse's own return of the worktree for task-x1 to finish
  stdout| 🌳 Worktree returned to pool.
  stdout| demo: synced 7d6b2ea..00824c9
  stdout| teardown task-x1 complete (window firstmate:fm-task-x1, worktree /private/var/folders/vt/36bg7pjx1711x3w5wyr1z88h0000gn/T/fm-lab.h8HXhD/pool/.treehouse/demo-577444/1/demo)
teardown end: 17:36:00; 17:35:58 holder exited
task pane and holder steps during teardown:
  17:35:35 pane:
   ✘ young@MacBook-Pro-3  /private/var/folders/vt/36bg7pjx1711x3w5wyr1z88h0000gn/T/fm-lab.h8HXhD/pool/.treehouse/demo-577444/1/demo  ➦ 7d6b2ea  git switch -q -c fm/task-x1 && echo feature > feature.t
  xt && git add feature.txt && touch .fm-grok-turnend && git -c user.email=t@t -c user.name=t commit -qm 'add feature' && echo WORKER-READY && sleep 900
  WORKER-READY
  17:35:37 pane:
  xt && git add feature.txt && touch .fm-grok-turnend && git -c user.email=t@t -c user.name=t commit -qm 'add feature' && echo WORKER-READY && sleep 900
  WORKER-READY
  [1]    83152 terminated  sleep 900
  17:35:38 pane:
  WORKER-READY
  [1]    83152 terminated  sleep 900
   ✘ young@MacBook-Pro-3  /private/var/folders/vt/36bg7pjx1711x3w5wyr1z88h0000gn/T/fm-lab.h8HXhD/pool/.treehouse/demo-577444/1/demo   fm/task-x1 
  17:35:39 holder step: /Applications/Xcode.app/Contents/Developer/usr/bin/git checkout --detach
  17:35:40 holder step: /Applications/Xcode.app/Contents/Developer/usr/bin/git checkout --detach
  17:35:41 holder step: /Applications/Xcode.app/Contents/Developer/usr/bin/git checkout --detach
  17:35:42 holder step: /Applications/Xcode.app/Contents/Developer/usr/bin/git checkout --detach
  17:35:43 holder step: /Applications/Xcode.app/Contents/Developer/usr/bin/git checkout --detach
  17:35:43 holder step: /Applications/Xcode.app/Contents/Developer/usr/bin/git status --porcelain
  17:35:44 holder step: /Applications/Xcode.app/Contents/Developer/usr/bin/git status --porcelain
  17:35:45 holder step: /Applications/Xcode.app/Contents/Developer/usr/bin/git status --porcelain
  17:35:46 holder step: /Applications/Xcode.app/Contents/Developer/usr/bin/git status --porcelain
  17:35:47 pane:
  Clean worktree and return to pool? [Y/n]
  [1]+  Stopped                 treehouse get
  $

---- final state
task window present: no
task meta present: no
  slot: HEAD=00824c9 (HEAD); task commit=2a3ef74; origin/main=00824c9
  staged-vs-HEAD entries: | diff --quiet: pass | index==origin/main: yes | porcelain: 
  treehouse status: 1 available /private/var/folders/vt/36bg7pjx1711x3w5wyr1z88h0000gn/T/fm-lab.h8HXhD/pool/.treehouse/demo-577444/1/demo (detached)
